// Vitest Snapshot v1, https://vitest.dev/guide/snapshot.html

exports[`Pagination Snapshots > matches snapshot on first page 1`] = `"<div data-v-0fc81f49="" class="pagination"><button data-v-0fc81f49="" class="pagination-btn" disabled=""> ◀ </button><button data-v-0fc81f49="" class="pagination-btn active">1</button><button data-v-0fc81f49="" class="pagination-btn">2</button><button data-v-0fc81f49="" class="pagination-btn">3</button><button data-v-0fc81f49="" class="pagination-btn">4</button><button data-v-0fc81f49="" class="pagination-btn">5</button><button data-v-0fc81f49="" class="pagination-btn"> ▶ </button><span data-v-0fc81f49="" class="pagination-info">200 Items, Page 1 - 10</span></div>"`;

exports[`Pagination Snapshots > matches snapshot on last page 1`] = `"<div data-v-0fc81f49="" class="pagination"><button data-v-0fc81f49="" class="pagination-btn"> ◀ </button><button data-v-0fc81f49="" class="pagination-btn">8</button><button data-v-0fc81f49="" class="pagination-btn">9</button><button data-v-0fc81f49="" class="pagination-btn active">10</button><button data-v-0fc81f49="" class="pagination-btn" disabled=""> ▶ </button><span data-v-0fc81f49="" class="pagination-info">200 Items, Page 10 - 10</span></div>"`;

exports[`Pagination Snapshots > matches snapshot on middle page 1`] = `"<div data-v-0fc81f49="" class="pagination"><button data-v-0fc81f49="" class="pagination-btn"> ◀ </button><button data-v-0fc81f49="" class="pagination-btn">3</button><button data-v-0fc81f49="" class="pagination-btn">4</button><button data-v-0fc81f49="" class="pagination-btn active">5</button><button data-v-0fc81f49="" class="pagination-btn">6</button><button data-v-0fc81f49="" class="pagination-btn">7</button><button data-v-0fc81f49="" class="pagination-btn"> ▶ </button><span data-v-0fc81f49="" class="pagination-info">200 Items, Page 5 - 10</span></div>"`;

exports[`Pagination Snapshots > matches snapshot with few pages 1`] = `"<div data-v-0fc81f49="" class="pagination"><button data-v-0fc81f49="" class="pagination-btn"> ◀ </button><button data-v-0fc81f49="" class="pagination-btn">1</button><button data-v-0fc81f49="" class="pagination-btn active">2</button><button data-v-0fc81f49="" class="pagination-btn">3</button><button data-v-0fc81f49="" class="pagination-btn"> ▶ </button><span data-v-0fc81f49="" class="pagination-info">60 Items, Page 2 - 3</span></div>"`;
